<?xml version="1.0" encoding="utf-8"?><testsuites name="pytest tests"><testsuite name="pytest" errors="0" failures="0" skipped="0" tests="47" time="0.175" timestamp="2026-04-23T09:36:54.769711-06:00" hostname="DSV-DEV-00224"><testcase classname="tests.test_dda_controller.TestClassification" name="test_flow_on_balanced_metrics" time="0.001" /><testcase classname="tests.test_dda_controller.TestClassification" name="test_frustration_on_low_accw" time="0.000" /><testcase classname="tests.test_dda_controller.TestClassification" name="test_frustration_on_high_pf" time="0.000" /><testcase classname="tests.test_dda_controller.TestClassification" name="test_boredom_on_high_accw_low_jitter" time="0.008" /><testcase classname="tests.test_dda_controller.TestClassification" name="test_not_bored_when_jitter_is_high" time="0.001" /><testcase classname="tests.test_dda_controller.TestClassification" name="test_profile_boredom_thresholds_are_respected" time="0.000" /><testcase classname="tests.test_dda_controller.TestHysteresis" name="test_no_immediate_transition" time="0.000" /><testcase classname="tests.test_dda_controller.TestHysteresis" name="test_transition_after_confirmations_and_cooldown" time="0.000" /><testcase classname="tests.test_dda_controller.TestHysteresis" name="test_pending_state_resets_on_different_classification" time="0.000" /><testcase classname="tests.test_dda_controller.TestHysteresis" name="test_exits_frustration_when_metrics_recover" time="0.000" /><testcase classname="tests.test_dda_controller.TestHysteresis" name="test_blip_during_recovery_does_not_penalise_player" time="0.000" /><testcase classname="tests.test_dda_controller.TestFastRecovery" name="test_hit_streak_override_exits_frustration" time="0.000" /><testcase classname="tests.test_dda_controller.TestFastRecovery" name="test_override_respects_cooldown" time="0.000" /><testcase classname="tests.test_dda_controller.TestFastRecovery" name="test_override_requires_clean_miss_streak" time="0.000" /><testcase classname="tests.test_dda_controller.TestExitBand" name="test_mid_band_accw_does_not_flip_back_to_frustration" time="0.002" /><testcase classname="tests.test_dda_controller.TestExitBand" name="test_entry_threshold_is_still_reactive" time="0.000" /><testcase classname="tests.test_dda_controller.TestStepToward" name="test_small_step" time="0.000" /><testcase classname="tests.test_dda_controller.TestStepToward" name="test_reaches_target_within_step" time="0.000" /><testcase classname="tests.test_dda_controller.TestStepToward" name="test_negative_direction" time="0.000" /><testcase classname="tests.test_dda_controller.TestStepToward" name="test_already_at_target" time="0.000" /><testcase classname="tests.test_difficulty" name="test_medium_matches_settings" time="0.000" /><testcase classname="tests.test_difficulty" name="test_easy_is_more_forgiving_than_medium" time="0.000" /><testcase classname="tests.test_difficulty" name="test_hard_is_stricter_than_medium" time="0.000" /><testcase classname="tests.test_emotion_engine.TestRecordHit" name="test_single_perfect_hit" time="0.000" /><testcase classname="tests.test_emotion_engine.TestRecordHit" name="test_resets_miss_streak" time="0.000" /><testcase classname="tests.test_emotion_engine.TestRecordMiss" name="test_increments_streak" time="0.000" /><testcase classname="tests.test_emotion_engine.TestRecordMiss" name="test_miss_uses_t_ideal_when_no_real" time="0.001" /><testcase classname="tests.test_emotion_engine.TestAccw" name="test_perfect_accuracy" time="0.000" /><testcase classname="tests.test_emotion_engine.TestAccw" name="test_zero_accuracy_on_large_errors" time="0.001" /><testcase classname="tests.test_emotion_engine.TestAccw" name="test_partial_accuracy" time="0.001" /><testcase classname="tests.test_emotion_engine.TestAccw" name="test_empty_engine_returns_zero" time="0.000" /><testcase classname="tests.test_emotion_engine.TestAccw" name="test_units_contract_seconds_vs_ms" time="0.003" /><testcase classname="tests.test_emotion_engine.TestAccw" name="test_misses_penalize_accw" time="0.001" /><testcase classname="tests.test_emotion_engine.TestAccw" name="test_ewma_reacts_faster_than_flat_average" time="0.001" /><testcase classname="tests.test_emotion_engine.TestJitter" name="test_zero_jitter_on_identical_errors" time="0.001" /><testcase classname="tests.test_emotion_engine.TestJitter" name="test_positive_jitter_on_varied_errors" time="0.001" /><testcase classname="tests.test_emotion_engine.TestJitter" name="test_insufficient_samples_returns_zero" time="0.000" /><testcase classname="tests.test_emotion_engine.TestFrustrationRisk" name="test_zero_misses_low_risk" time="0.000" /><testcase classname="tests.test_emotion_engine.TestFrustrationRisk" name="test_high_miss_streak_high_risk" time="0.000" /><testcase classname="tests.test_emotion_engine.TestFrustrationRisk" name="test_sigmoid_shape" time="0.000" /><testcase classname="tests.test_emotion_engine.TestSnapshot" name="test_returns_emotion_snapshot" time="0.000" /><testcase classname="tests.test_emotion_engine.TestSnapshot" name="test_sample_count_respects_window" time="0.000" /><testcase classname="tests.test_emotion_engine.TestHitStreak" name="test_hit_streak_starts_at_zero" time="0.000" /><testcase classname="tests.test_emotion_engine.TestHitStreak" name="test_hit_streak_increments_on_consecutive_hits" time="0.000" /><testcase classname="tests.test_emotion_engine.TestHitStreak" name="test_hit_streak_resets_on_miss" time="0.001" /><testcase classname="tests.test_emotion_engine.TestHitStreak" name="test_streaks_are_mutually_exclusive" time="0.002" /><testcase classname="tests.test_emotion_engine.TestClear" name="test_clear_resets_all_state" time="0.001" /></testsuite></testsuites>